[Map]
Version=dmsMap 2.6.331
Window=-120,-465,23220,11535,-1
ZoomExtent=203424.076990272,441509.662669229,229190.656232681,455640.350982955
BorderStyle=0
Transparent=-1
Text=
ForeColor=0
BackColor=FFFFFF
FontName=Arial
FontSize=8
FontBold=0
FontItalic=0
FontUnderLine=0
FontStrikethru=0
UnitMeter=0
DataThematic=0

[Legend]
Visible=0
BorderStyle=1
Transparent=-1
Position=203424.076990272,454783.945630608
Text=
ForeColor=80000008
BackColor=FFFFFF
FontName=Arial
FontSize=7.5
FontBold=0
FontItalic=0
FontUnderLine=0
FontStrikethru=0

[Title]
Visible=0
BorderStyle=0
Transparent=0
Position=206072.795642553,455484.640918892
Text=title
ForeColor=80000008
BackColor=FFFFFF
FontName=Arial
FontSize=12
FontBold=0
FontItalic=0
FontUnderLine=0
FontStrikethru=0

[Info]
Visible=0
BorderStyle=0
Transparent=0
Position=206072.795642553,455056.438242719
Text=title
ForeColor=80000008
BackColor=FFFFFF
FontName=Arial
FontSize=9
FontBold=0
FontItalic=0
FontUnderLine=0
FontStrikethru=0

[Layer1]
Path=dijkringen_wrij.shp
Name=C:\Users\buijerta\ARCADIS\WRIJ - D-HYDRO modellen & scenarioberekeningen - Documents\WRIJ - Gedeelde projectmap\06 Work in Progress\GIS\dijkringen\dijkringen_wrij.shp
Visible=-1
Selectable=-1
InLegend=-1
Transparency=-999
MinScale=0
MaxScale=0
LineStyle=0
LineColor=0
LineWidth=0
FillStyle=0
FillColor=FFFF
LabelScale=0
FontAngleBaseLine=0
FontAngleCharacters=0
FontBold=0
FontColor=0
FontItalic=0
FontName=Arial
FontSize=10
FontStrikethru=0
FontTransparent=-1
FontUnderline=0
LabelBorderFillStyle=0
LabelBorderFillColor=FFFF
LabelBorderLineStyle=0
LabelBorderLineColor=0
LabelBorderLineWidth=1
LabelBorderStyle=0
AvoidOverlap=0
PointStyle=71
PointLabelStyle=0
PointSize=0
PointCharacter=164
PointAngleBaseLine=0
PointFontName=Wingdings

